// Jest Snapshot v1, https://goo.gl/fbAQLP

exports[`AboutMe should render correctly 1`] = `
<DocumentFragment>
  <span>
    About me page
  </span>
</DocumentFragment>
`;
